%!Adobe-FontList 1.14
%Locale:0x409

%BeginFont
Handler:DirectoryHandler
FontType:Type1
FontName:MercuryTextG3-Bold
FamilyName:Mercury Text G3
StyleName:Bold
MenuName:Mercury Text G3 Bold
StyleBits:0
WeightClass:400
WidthClass:5
AngleClass:0
FullName:Mercury Text G3 Bold
WritingScript:Roman
OutlineFileName:\MercuryTextG3-Bold-Pro.otf
DataFormat:sfntData
UsesStandardEncoding:yes
isCFF:yes
FileLength:351032
FileModTime:1184782130
%EndFont

%BeginFont
Handler:DirectoryHandler
FontType:Type1
FontName:MercuryTextG3-Roman
FamilyName:Mercury Text G3
StyleName:Roman
MenuName:Mercury Text G3
StyleBits:0
WeightClass:325
WidthClass:5
AngleClass:0
FullName:Mercury Text G3 Roman
WritingScript:Roman
OutlineFileName:\MercuryTextG3-Roman-Pro.otf
DataFormat:sfntData
UsesStandardEncoding:yes
isCFF:yes
FileLength:341796
FileModTime:1184782135
%EndFont

%BeginFont
Handler:DirectoryHandler
FontType:Type1
FontName:MercuryTextG3-Semibold
FamilyName:Mercury Text G3
StyleName:Semibold
MenuName:Mercury Text G3 Semibold
StyleBits:0
WeightClass:375
WidthClass:5
AngleClass:0
FullName:Mercury Text G3 Semibold
WritingScript:Roman
OutlineFileName:\MercuryTextG3-Semibold-Pro.otf
DataFormat:sfntData
UsesStandardEncoding:yes
isCFF:yes
FileLength:379280
FileModTime:1184782140
%EndFont

%BeginFont
Handler:DirectoryHandler
FontType:TrueType
FontName:Times-Roman
FamilyName:Times
StyleName:Regular
MenuName:Times
StyleBits:0
WeightClass:400
WidthClass:5
AngleClass:0
FullName:Times Roman
WritingScript:Roman
OutlineFileName:\Times.dfont
DataFormat:sfntResource
ResourceID:13494
FileLength:1743667
FileModTime:1399565471
%EndFont

%BeginFont
Handler:DirectoryHandler
FontType:TrueType
FontName:Times-Bold
FamilyName:Times
StyleName:Bold
MenuName:Times
StyleBits:2
WeightClass:700
WidthClass:5
AngleClass:0
FullName:Times Bold
WritingScript:Roman
OutlineFileName:\Times.dfont
DataFormat:sfntResource
ResourceID:16697
FileLength:1743667
FileModTime:1399565471
%EndFont

%BeginFont
Handler:DirectoryHandler
FontType:TrueType
FontName:Times-Italic
FamilyName:Times
StyleName:Italic
MenuName:Times
StyleBits:1
WeightClass:400
WidthClass:5
AngleClass:1
FullName:Times Italic
WritingScript:Roman
OutlineFileName:\Times.dfont
DataFormat:sfntResource
ResourceID:21585
FileLength:1743667
FileModTime:1399565471
%EndFont

%BeginFont
Handler:DirectoryHandler
FontType:TrueType
FontName:Times-BoldItalic
FamilyName:Times
StyleName:Bold Italic
MenuName:Times
StyleBits:3
WeightClass:700
WidthClass:5
AngleClass:1
FullName:Times Bold Italic
WritingScript:Roman
OutlineFileName:\Times.dfont
DataFormat:sfntResource
ResourceID:22219
FileLength:1743667
FileModTime:1399565471
%EndFont

%BeginFont
Handler:DirectoryHandler
FontType:Suitcase
FontName:Times-Roman
OutlineFileName:\Times.dfont
ResourceID:20
MacStyle:0
FileLength:1743667
FileModTime:1399565471
%EndFont

%BeginFont
Handler:DirectoryHandler
FontType:Suitcase
FontName:Times-Bold
OutlineFileName:\Times.dfont
ResourceID:20
MacStyle:1
FileLength:1743667
FileModTime:1399565471
%EndFont

%BeginFont
Handler:DirectoryHandler
FontType:Suitcase
FontName:Times-Italic
OutlineFileName:\Times.dfont
ResourceID:20
MacStyle:2
FileLength:1743667
FileModTime:1399565471
%EndFont

%BeginFont
Handler:DirectoryHandler
FontType:Suitcase
FontName:Times-BoldItalic
OutlineFileName:\Times.dfont
ResourceID:20
MacStyle:3
FileLength:1743667
FileModTime:1399565471
%EndFont

%BeginFont
Handler:DirectoryHandler
FontType:Type1
FontName:Whitney-Bold
FamilyName:Whitney
StyleName:Bold
MenuName:Whitney
StyleBits:2
WeightClass:700
WidthClass:5
AngleClass:0
FullName:Whitney-Bold
WritingScript:Roman
OutlineFileName:\WhitnBol
DataFormat:POSTResource
UsesStandardEncoding:no
isCFF:no
FileLength:33525
FileModTime:1323973020
DesignSize:-1
%EndFont

%BeginFont
Handler:DirectoryHandler
FontType:Suitcase
FontName:Whitney-Bold
OutlineFileName:\Whitney-Bold
ResourceID:1322
MacStyle:0
FileLength:28245
FileModTime:1323973020
%EndFont

%BeginFont
Handler:DirectoryHandler
FontType:Type1
FontName:Whitney-Book
FamilyName:Whitney
StyleName:Book
MenuName:Whitney
StyleBits:0
WeightClass:400
WidthClass:5
AngleClass:0
FullName:Whitney-Book
WritingScript:Roman
OutlineFileName:\WhitnBoo
DataFormat:POSTResource
UsesStandardEncoding:no
isCFF:no
FileLength:33109
FileModTime:1323973020
DesignSize:-1
%EndFont

%BeginFont
Handler:DirectoryHandler
FontType:Suitcase
FontName:Whitney-Book
OutlineFileName:\Whitney-Book
ResourceID:4086
MacStyle:0
FileLength:26757
FileModTime:1323973020
%EndFont

%BeginFont
Handler:DirectoryHandler
FontType:Type1
FontName:Whitney-Medium
FamilyName:Whitney
StyleName:Medium
MenuName:Whitney
StyleBits:0
WeightClass:500
WidthClass:5
AngleClass:0
FullName:Whitney-Medium
WritingScript:Roman
OutlineFileName:\WhitnMed
DataFormat:POSTResource
UsesStandardEncoding:no
isCFF:no
FileLength:33058
FileModTime:1323973020
DesignSize:-1
%EndFont

%BeginFont
Handler:DirectoryHandler
FontType:Suitcase
FontName:Whitney-Medium
OutlineFileName:\Whitney-Medium
ResourceID:4087
MacStyle:0
FileLength:26873
FileModTime:1323973020
%EndFont

%BeginFont
Handler:DirectoryHandler
FontType:Type1
FontName:Whitney-Semibold
FamilyName:Whitney
StyleName:Semibold
MenuName:Whitney
StyleBits:2
WeightClass:600
WidthClass:5
AngleClass:0
FullName:Whitney-Semibold
WritingScript:Roman
OutlineFileName:\WhitnSem
DataFormat:POSTResource
UsesStandardEncoding:no
isCFF:no
FileLength:33428
FileModTime:1323973020
DesignSize:-1
%EndFont

%BeginFont
Handler:DirectoryHandler
FontType:Suitcase
FontName:Whitney-Semibold
OutlineFileName:\Whitney-Semibold
ResourceID:1600
MacStyle:0
FileLength:27861
FileModTime:1323973020
%EndFont

