%!Adobe-FontList 1.18
%Locale:0x409

%BeginFont
Handler:DirectoryHandler
FontType:Invalid
OutlineFileName:\Whitney-Book
FileModTime:1506061651
%EndFont

%BeginFont
Handler:DirectoryHandler
FontType:Invalid
OutlineFileName:\Whitney-Bold
FileModTime:1506061651
%EndFont

%BeginFont
Handler:DirectoryHandler
FontType:Invalid
OutlineFileName:\WhitnMed
FileModTime:1506061651
%EndFont

%BeginFont
Handler:DirectoryHandler
FontType:Type1
FontName:MercuryTextG3-Semibold
FamilyName:Mercury Text G3
StyleName:Semibold
MenuName:Mercury Text G3 Semibold
StyleBits:0
WeightClass:375
WidthClass:5
AngleClass:0
FullName:Mercury Text G3 Semibold
WritingScript:Roman
OutlineFileName:\MercuryTextG3-Semibold-Pro.otf
DataFormat:sfntData
UsesStandardEncoding:yes
isCFF:yes
hasSVG:no
FileLength:379280
FileModTime:1506061651
NameArray:0,Mac,4,Mercury Text G3 Semibold
NameArray:0,Win,1,Mercury Text G3 Semibold
NameArray:0,Win,16,Mercury Text G3
%EndFont

%BeginFont
Handler:DirectoryHandler
FontType:Invalid
OutlineFileName:\Whitney-Medium
FileModTime:1506061651
%EndFont

%BeginFont
Handler:DirectoryHandler
FontType:Invalid
OutlineFileName:\WhitnBoo
FileModTime:1506061651
%EndFont

%BeginFont
Handler:DirectoryHandler
FontType:TrueType
FontName:Times-Roman
FamilyName:Times
StyleName:Regular
MenuName:Times
StyleBits:0
WeightClass:400
WidthClass:5
AngleClass:0
FullName:Times Roman
WritingScript:Roman
OutlineFileName:\Times.dfont
DataFormat:sfntResource
ResourceID:13494
hasSVG:no
FileLength:1743667
FileModTime:1506061657
NameArray:0,Mac,4,Times Roman
%EndFont

%BeginFont
Handler:DirectoryHandler
FontType:TrueType
FontName:Times-Bold
FamilyName:Times
StyleName:Bold
MenuName:Times
StyleBits:2
WeightClass:700
WidthClass:5
AngleClass:0
FullName:Times Bold
WritingScript:Roman
OutlineFileName:\Times.dfont
DataFormat:sfntResource
ResourceID:16697
hasSVG:no
FileLength:1743667
FileModTime:1506061657
NameArray:0,Mac,4,Times Bold
NameArray:0,Mac,4,Times Gras
NameArray:0,Mac,4,Times Fett
NameArray:0,Mac,4,Times grassetto
NameArray:0,Mac,4,Times vet
NameArray:0,Mac,4,Times Fet
NameArray:0,Mac,4,Times Negrita
NameArray:0,Mac,4,Times Fed
NameArray:0,Mac,4,Times Carregado
NameArray:0,Mac,4,Times Halvfet
NameArray:0,Mac,4,Times lihava
%EndFont

%BeginFont
Handler:DirectoryHandler
FontType:TrueType
FontName:Times-Italic
FamilyName:Times
StyleName:Italic
MenuName:Times
StyleBits:1
WeightClass:400
WidthClass:5
AngleClass:1
FullName:Times Italic
WritingScript:Roman
OutlineFileName:\Times.dfont
DataFormat:sfntResource
ResourceID:21585
hasSVG:no
FileLength:1743667
FileModTime:1506061657
NameArray:0,Mac,4,Times Italic
NameArray:0,Mac,4,Times Italique
NameArray:0,Mac,4,Times Kursiv
NameArray:0,Mac,4,Times corsivo
NameArray:0,Mac,4,Times cursief
NameArray:0,Mac,4,Times Kursiv
NameArray:0,Mac,4,Times Cursiva
NameArray:0,Mac,4,Times kursiv
NameArray:0,Mac,4,Times Itálico
NameArray:0,Mac,4,Times kursiv
NameArray:0,Mac,4,Times kursiivi
%EndFont

%BeginFont
Handler:DirectoryHandler
FontType:TrueType
FontName:Times-BoldItalic
FamilyName:Times
StyleName:Bold Italic
MenuName:Times
StyleBits:3
WeightClass:700
WidthClass:5
AngleClass:1
FullName:Times Bold Italic
WritingScript:Roman
OutlineFileName:\Times.dfont
DataFormat:sfntResource
ResourceID:22219
hasSVG:no
FileLength:1743667
FileModTime:1506061657
NameArray:0,Mac,4,Times Bold Italic
NameArray:0,Mac,4,Times Gras italique
NameArray:0,Mac,4,Times Fett Kursiv
NameArray:0,Mac,4,Times grassetto corsivo
NameArray:0,Mac,4,Times vet-cursief
NameArray:0,Mac,4,Times Fet Kursiv
NameArray:0,Mac,4,Times Negrita Cursiva
NameArray:0,Mac,4,Times Fed kursiv
NameArray:0,Mac,4,Times Carregado Itálico
NameArray:0,Mac,4,Times Halvfet kursiv
NameArray:0,Mac,4,Times lihava kursiivi
%EndFont

%BeginFont
Handler:DirectoryHandler
FontType:Suitcase
FontName:Times-Roman
OutlineFileName:\Times.dfont
ResourceID:20
MacStyle:0
FileLength:1743667
FileModTime:1506061657
%EndFont

%BeginFont
Handler:DirectoryHandler
FontType:Suitcase
FontName:Times-Bold
OutlineFileName:\Times.dfont
ResourceID:20
MacStyle:1
FileLength:1743667
FileModTime:1506061657
%EndFont

%BeginFont
Handler:DirectoryHandler
FontType:Suitcase
FontName:Times-Italic
OutlineFileName:\Times.dfont
ResourceID:20
MacStyle:2
FileLength:1743667
FileModTime:1506061657
%EndFont

%BeginFont
Handler:DirectoryHandler
FontType:Suitcase
FontName:Times-BoldItalic
OutlineFileName:\Times.dfont
ResourceID:20
MacStyle:3
FileLength:1743667
FileModTime:1506061657
%EndFont

%BeginFont
Handler:DirectoryHandler
FontType:Type1
FontName:MercuryTextG3-Bold
FamilyName:Mercury Text G3
StyleName:Bold
MenuName:Mercury Text G3 Bold
StyleBits:0
WeightClass:400
WidthClass:5
AngleClass:0
FullName:Mercury Text G3 Bold
WritingScript:Roman
OutlineFileName:\MercuryTextG3-Bold-Pro.otf
DataFormat:sfntData
UsesStandardEncoding:yes
isCFF:yes
hasSVG:no
FileLength:351032
FileModTime:1506061651
NameArray:0,Mac,4,Mercury Text G3 Bold
NameArray:0,Win,1,Mercury Text G3 Bold
NameArray:0,Win,16,Mercury Text G3
%EndFont

%BeginFont
Handler:DirectoryHandler
FontType:Type1
FontName:MercuryTextG3-Roman
FamilyName:Mercury Text G3
StyleName:Roman
MenuName:Mercury Text G3
StyleBits:0
WeightClass:325
WidthClass:5
AngleClass:0
FullName:Mercury Text G3 Roman
WritingScript:Roman
OutlineFileName:\MercuryTextG3-Roman-Pro.otf
DataFormat:sfntData
UsesStandardEncoding:yes
isCFF:yes
hasSVG:no
FileLength:341796
FileModTime:1506061651
NameArray:0,Mac,18,Mercury Text G3
NameArray:0,Mac,4,Mercury Text G3 Roman
NameArray:0,Win,1,Mercury Text G3
%EndFont

%BeginFont
Handler:DirectoryHandler
FontType:Invalid
OutlineFileName:\Whitney-Semibold
FileModTime:1506061652
%EndFont

%BeginFont
Handler:DirectoryHandler
FontType:Invalid
OutlineFileName:\WhitnSem
FileModTime:1506061651
%EndFont

%BeginFont
Handler:DirectoryHandler
FontType:Invalid
OutlineFileName:\WhitnBol
FileModTime:1506061650
%EndFont

