%!Adobe-FontList 1.19
%Locale:0xc0a

%BeginFont
Handler:DirectoryHandler
FontType:Type1
FontName:MercuryTextG3-Bold
FamilyName:Mercury Text G3
StyleName:Bold
FullName:Mercury Text G3 Bold
MenuName:Mercury Text G3 Bold
StyleBits:0
WritingScript:Roman
OutlineFileName:G:\Mi unidad\00. CreativeLab - La Única\01. PROYECTOS\02. PERÚ\0000 Proyectos internos\SDN CHAPTER PERU\Compartido por SDN\05. SDN and Membership Information\05. Sponsor   Info Pack Template\Document fonts\MercuryTextG3-Bold-Pro.otf
DataFormat:sfntData
UsesStandardEncoding:yes
isCFF:yes
hasSVG:no
VariableFontType:NonVariableFont
FileLength:351032
FileModTime:1506079651
WeightClass:400
WidthClass:5
AngleClass:0
NameArray:0,Mac,4,Mercury Text G3 Bold
NameArray:0,Win,1,Mercury Text G3 Bold
NameArray:0,Win,16,Mercury Text G3
%EndFont

%BeginFont
Handler:DirectoryHandler
FontType:Type1
FontName:MercuryTextG3-Roman
FamilyName:Mercury Text G3
StyleName:Roman
FullName:Mercury Text G3 Roman
MenuName:Mercury Text G3
StyleBits:0
WritingScript:Roman
OutlineFileName:G:\Mi unidad\00. CreativeLab - La Única\01. PROYECTOS\02. PERÚ\0000 Proyectos internos\SDN CHAPTER PERU\Compartido por SDN\05. SDN and Membership Information\05. Sponsor   Info Pack Template\Document fonts\MercuryTextG3-Roman-Pro.otf
DataFormat:sfntData
UsesStandardEncoding:yes
isCFF:yes
hasSVG:no
VariableFontType:NonVariableFont
FileLength:341796
FileModTime:1506079651
WeightClass:325
WidthClass:5
AngleClass:0
NameArray:0,Mac,18,Mercury Text G3
NameArray:0,Mac,4,Mercury Text G3 Roman
NameArray:0,Win,1,Mercury Text G3
%EndFont

%BeginFont
Handler:DirectoryHandler
FontType:Invalid
OutlineFileName:G:\Mi unidad\00. CreativeLab - La Única\01. PROYECTOS\02. PERÚ\0000 Proyectos internos\SDN CHAPTER PERU\Compartido por SDN\05. SDN and Membership Information\05. Sponsor   Info Pack Template\Document fonts\WhitnSem
FileModTime:1506079651
%EndFont

%BeginFont
Handler:DirectoryHandler
FontType:Invalid
OutlineFileName:G:\Mi unidad\00. CreativeLab - La Única\01. PROYECTOS\02. PERÚ\0000 Proyectos internos\SDN CHAPTER PERU\Compartido por SDN\05. SDN and Membership Information\05. Sponsor   Info Pack Template\Document fonts\WhitnBol
FileModTime:1506079650
%EndFont

%BeginFont
Handler:DirectoryHandler
FontType:Type1
FontName:MercuryTextG3-Semibold
FamilyName:Mercury Text G3
StyleName:Semibold
FullName:Mercury Text G3 Semibold
MenuName:Mercury Text G3 Semibold
StyleBits:0
WritingScript:Roman
OutlineFileName:G:\Mi unidad\00. CreativeLab - La Única\01. PROYECTOS\02. PERÚ\0000 Proyectos internos\SDN CHAPTER PERU\Compartido por SDN\05. SDN and Membership Information\05. Sponsor   Info Pack Template\Document fonts\MercuryTextG3-Semibold-Pro.otf
DataFormat:sfntData
UsesStandardEncoding:yes
isCFF:yes
hasSVG:no
VariableFontType:NonVariableFont
FileLength:379280
FileModTime:1506079651
WeightClass:375
WidthClass:5
AngleClass:0
NameArray:0,Mac,4,Mercury Text G3 Semibold
NameArray:0,Win,1,Mercury Text G3 Semibold
NameArray:0,Win,16,Mercury Text G3
%EndFont

%BeginFont
Handler:DirectoryHandler
FontType:Invalid
OutlineFileName:G:\Mi unidad\00. CreativeLab - La Única\01. PROYECTOS\02. PERÚ\0000 Proyectos internos\SDN CHAPTER PERU\Compartido por SDN\05. SDN and Membership Information\05. Sponsor   Info Pack Template\Document fonts\Whitney-Bold
FileModTime:1506079651
%EndFont

%BeginFont
Handler:DirectoryHandler
FontType:Invalid
OutlineFileName:G:\Mi unidad\00. CreativeLab - La Única\01. PROYECTOS\02. PERÚ\0000 Proyectos internos\SDN CHAPTER PERU\Compartido por SDN\05. SDN and Membership Information\05. Sponsor   Info Pack Template\Document fonts\Whitney-Book
FileModTime:1506079651
%EndFont

%BeginFont
Handler:DirectoryHandler
FontType:Invalid
OutlineFileName:G:\Mi unidad\00. CreativeLab - La Única\01. PROYECTOS\02. PERÚ\0000 Proyectos internos\SDN CHAPTER PERU\Compartido por SDN\05. SDN and Membership Information\05. Sponsor   Info Pack Template\Document fonts\WhitnMed
FileModTime:1506079651
%EndFont

%BeginFont
Handler:DirectoryHandler
FontType:Invalid
OutlineFileName:G:\Mi unidad\00. CreativeLab - La Única\01. PROYECTOS\02. PERÚ\0000 Proyectos internos\SDN CHAPTER PERU\Compartido por SDN\05. SDN and Membership Information\05. Sponsor   Info Pack Template\Document fonts\WhitnBoo
FileModTime:1506079651
%EndFont

%BeginFont
Handler:DirectoryHandler
FontType:Invalid
OutlineFileName:G:\Mi unidad\00. CreativeLab - La Única\01. PROYECTOS\02. PERÚ\0000 Proyectos internos\SDN CHAPTER PERU\Compartido por SDN\05. SDN and Membership Information\05. Sponsor   Info Pack Template\Document fonts\Times.dfont
FileModTime:1506079657
%EndFont

%BeginFont
Handler:DirectoryHandler
FontType:Invalid
OutlineFileName:G:\Mi unidad\00. CreativeLab - La Única\01. PROYECTOS\02. PERÚ\0000 Proyectos internos\SDN CHAPTER PERU\Compartido por SDN\05. SDN and Membership Information\05. Sponsor   Info Pack Template\Document fonts\Whitney-Medium
FileModTime:1506079651
%EndFont

%BeginFont
Handler:DirectoryHandler
FontType:Invalid
OutlineFileName:G:\Mi unidad\00. CreativeLab - La Única\01. PROYECTOS\02. PERÚ\0000 Proyectos internos\SDN CHAPTER PERU\Compartido por SDN\05. SDN and Membership Information\05. Sponsor   Info Pack Template\Document fonts\Whitney-Semibold
FileModTime:1506079652
%EndFont

%BeginFont
Handler:DirectoryHandler
FontType:Invalid
OutlineFileName:G:\Mi unidad\00. CreativeLab - La Única\01. PROYECTOS\02. PERÚ\0000 Proyectos internos\SDN CHAPTER PERU\Compartido por SDN\05. SDN and Membership Information\05. Sponsor   Info Pack Template\Document fonts\desktop.ini
FileModTime:1527000147
%EndFont

